macbe16816:track_ref ldeniau$ time ../mad trackAllKind.mad
    ____  __   ______    ______     |   Methodical Accelerator Design
     /  \/  \   /  _  \   /  _  \   |   release: 0.8.0 (OSX 64)
    /  __   /  /  /_/ /  /  /_/ /   |   support: http://cern.ch/mad
   /__/  /_/  /__/ /_/  /_____ /    |   licence: GPL3 (C) CERN 2016+
                                    |   started: 2019-05-29 12:08:18

#totcases=288, #cases=288, #tbl=1440
#totcases=1152, #cases=864, #tbl=5760
#totcases=2016, #cases=864, #tbl=10080
#totcases=2880, #cases=864, #tbl=14400
#totcases=3744, #cases=864, #tbl=18720
#totcases=4608, #cases=864, #tbl=23040
#totcases=6336, #cases=1728, #tbl=31680
#totcases=8064, #cases=1728, #tbl=40320
#totcases=9792, #cases=1728, #tbl=48960
#totcases=11520, #cases=1728, #tbl=61056
#totcases=13248, #cases=1728, #tbl=73152
#totcases=14976, #cases=1728, #tbl=85248
#totcases=16704, #cases=1728, #tbl=93888
#totcases=18432, #cases=1728, #tbl=102528
#totcases=20160, #cases=1728, #tbl=111168
#totcases=20736, #cases=576, #tbl=114048
#totcases=21024, #cases=288, #tbl=116064
#totcases=21312, #cases=288, #tbl=118080
#totcases=21600, #cases=288, #tbl=119520
#totcases=21888, #cases=288, #tbl=120960
#totcases=22176, #cases=288, #tbl=122400
#totcases=22464, #cases=288, #tbl=123840
total config run: 22464
** minima / maxima **
c20:  0.0000000000000000e+00 /  1.4088539774875005e-03 [1/73192]
c30:  0.0000000000000000e+00 /  4.0979816035808456e-03 [1/74199]
c40:  0.0000000000000000e+00 /  9.9618209351604817e-04 [1/28232]
c50:  0.0000000000000000e+00 /  1.2678270725563367e+01 [1/119609]
c60:  0.0000000000000000e+00 /  6.2660439733648376e-02 [1/122719]
c11:  4.0988070720532344e-04 /  1.4154558322166373e+00 [23189/122499]
c12:  0.0000000000000000e+00 /  4.7962311163618327e+00 [1/122484]
c13:  0.0000000000000000e+00 /  9.4498712850493383e-01 [1/75209]
c14:  0.0000000000000000e+00 /  7.0664210912073999e-01 [1/75207]
c15:  0.0000000000000000e+00 /  3.2247954120557198e-02 [1/122489]
c16:  0.0000000000000000e+00 /  1.2055781575627520e+01 [1/12384]
c21:  0.0000000000000000e+00 /  3.7874999999999998e-01 [1/73183]
c22:  6.9664806707139248e-01 /  1.8086697596872243e+00 [122504/27629]
c23:  0.0000000000000000e+00 /  3.7687499999999996e-01 [1/75199]
c24:  0.0000000000000000e+00 /  9.3750104289139458e-01 [1/24509]
c25:  0.0000000000000000e+00 /  3.1114047073500219e-02 [1/122679]
c26:  0.0000000000000000e+00 /  2.3257552591297909e-01 [1/122529]
c31:  0.0000000000000000e+00 /  9.4498748383623599e-01 [1/75209]
c32:  0.0000000000000000e+00 /  7.0664234170899665e-01 [1/75207]
c33:  7.2884115091849933e-01 /  1.9375009553163802e+00 [75209/73191]
c34:  0.0000000000000000e+00 /  4.7962311163618327e+00 [1/122484]
c35:  0.0000000000000000e+00 /  2.4086723295549319e-02 [1/122489]
c36:  0.0000000000000000e+00 /  8.5247249046300588e+00 [1/13104]
c41:  0.0000000000000000e+00 /  3.7687499999999996e-01 [1/75199]
c42:  0.0000000000000000e+00 /  9.3750069210665754e-01 [1/24509]
c43:  0.0000000000000000e+00 /  4.1115838123705195e-01 [1/27387]
c44:  4.1099383559184410e-04 /  1.2946833698942115e+00 [23189/27387]
c45:  0.0000000000000000e+00 /  1.5051796632405709e-02 [1/122679]
c46:  0.0000000000000000e+00 /  1.5365838122937256e-01 [1/10807]
c51:  0.0000000000000000e+00 /  2.7498627814929033e-01 [1/122529]
c52:  0.0000000000000000e+00 /  5.4596095198276484e-01 [1/10089]
c53:  0.0000000000000000e+00 /  1.7585241467106849e-01 [1/122529]
c54:  0.0000000000000000e+00 /  3.8441629693262608e-01 [1/10804]
c55:  1.3331934134609902e-01 /  1.6320084239112737e+02 [119547/119649]
c56:  0.0000000000000000e+00 /  1.4200786981679080e+03 [1/119649]
c61:  0.0000000000000000e+00 /  2.9829381714003490e-02 [1/122529]
c62:  0.0000000000000000e+00 /  2.5375798274229821e-02 [1/122529]
c63:  0.0000000000000000e+00 /  1.9104505876194916e-02 [1/122529]
c64:  0.0000000000000000e+00 /  2.6337468414233553e-02 [1/122529]
c65:  0.0000000000000000e+00 /  1.7933916762122280e+01 [1/122499]
c66:  1.7612359360886454e-01 /  1.5498923987630781e+02 [119547/119649]
MAD: #tbl=123840
PTC: #tbl=123840

real  0m11.470s
user  0m11.162s
sys 0m0.280s
macbe16816:track_ref ldeniau$
