macbe16816:track_ref ldeniau$ time ../madx64 trackAllKind.madx

  ++++++++++++++++++++++++++++++++++++++++++++
  +     MAD-X 5.05.00  (64 bit, Darwin)      +
  + Support: mad@cern.ch, http://cern.ch/mad +
  + Release   date: 2019.05.10               +
  + Execution date: 2019.05.29 11:52:01      +
  ++++++++++++++++++++++++++++++++++++++++++++
option, -echo, -info, -rbarc ;



nooff  = 1;

notilt = 1;

exec, rchk(Cptc, DRIFT  ) ;

Determined SECTOR NMUL MAX :  0
 MAD-X Beam Parameters
                  Energy : 0.100000E+01
          Kinetic Energy : 0.617279E-01
      Particle Rest Mass : 0.938272E+00
                Momentum : 0.345898E+00
 Setting MADx with
     energy           1.0000000000000000
     method                   2
     Num. of steps            1
     charge           1.0000000000000000
  Length of machine:    4.0000000000000000
 The machine is a RING
 ------------------------------------ PTC Survey ------------------------------------
 Before start:    0.0000000000000000        0.0000000000000000        0.0000000000000000
 Before   end:    0.0000000000000000        0.0000000000000000        0.0000000000000000
 After  start:    0.0000000000000000        0.0000000000000000        0.0000000000000000
 After    end:    0.0000000000000000        0.0000000000000000        4.0000000000000000
#cases=288, #tbl=1440\n
results saved to cptc.txt


notilt = 0;

exec, rchk(Cptc, SBEND  ) ;

#cases=1152, #tbl=5760\n
results saved to cptc.txt
exec, rchk(Cptc, SBENDfr) ; ! fringe

#cases=2016, #tbl=10080\n
results saved to cptc.txt
exec, rchk(Cptc, SBENDfh) ; ! fringe, fint, hgap

#cases=2880, #tbl=14400\n
results saved to cptc.txt
exec, rchk(Cptc, RBEND  ) ;

#cases=3744, #tbl=18720\n
results saved to cptc.txt
exec, rchk(Cptc, RBENDfr) ; ! fringe

#cases=4608, #tbl=23040\n
results saved to cptc.txt


nooff  = 0;

exec, rchk(Cptc, QUAD   ) ;

#cases=6336, #tbl=31680\n
results saved to cptc.txt
exec, rchk(Cptc, SEXT   ) ;

#cases=8064, #tbl=40320\n
results saved to cptc.txt
exec, rchk(Cptc, OCTU   ) ;

#cases=9792, #tbl=48960\n
results saved to cptc.txt
exec, rchk(Cptc, DECA   ) ;

#cases=11520, #tbl=61056\n
results saved to cptc.txt
exec, rchk(Cptc, DODECA ) ;

#cases=13248, #tbl=73152\n
results saved to cptc.txt
exec, rchk(Cptc, MULT   ) ;

#cases=14976, #tbl=85248\n
results saved to cptc.txt
exec, rchk(Cptc, HKICK  ) ;

#cases=16704, #tbl=93888\n
results saved to cptc.txt
exec, rchk(Cptc, VKICK  ) ;

#cases=18432, #tbl=102528\n
results saved to cptc.txt
exec, rchk(Cptc, KICK   ) ;

#cases=20160, #tbl=111168\n
results saved to cptc.txt


notilt = 1;

exec, rchk(Cptc, SOL    ) ;

#cases=20736, #tbl=114048\n
results saved to cptc.txt


icase  = 6;                 ! switch to 6D for cavities

nooff  = 1;

exec, rchk(Cptc, CAV0   ) ;

#cases=21024, #tbl=116064\n
results saved to cptc.txt
exec, rchk(Cptc, CAV0t  ) ;

#cases=21312, #tbl=118080\n
results saved to cptc.txt
exec, rchk(Cptc, CAV    ) ;

#cases=21600, #tbl=119520\n
results saved to cptc.txt
exec, rchk(Cptc, CAVt   ) ;

#cases=21888, #tbl=120960\n
results saved to cptc.txt
exec, rchk(Cptc, CAVh   ) ;

#cases=22176, #tbl=122400\n
results saved to cptc.txt
exec, rchk(Cptc, CAVb   ) ;

#cases=22464, #tbl=123840\n
results saved to cptc.txt


! remove TKT model

! len = table(Cptc_cfg,tablelength) ;

! shrink, table=Cptc_cfg, row=len/2 ;



stop;


  Number of warnings: 0

  ++++++++++++++++++++++++++++++++++++++++++++
  +          MAD-X finished normally         +
  ++++++++++++++++++++++++++++++++++++++++++++

real  3m27.974s
user  3m21.745s
sys 0m4.314s
