
  ++++++++++++++++++++++++++++++++++++++++++++
  +     MAD-X 5.05.02  (64 bit, Darwin)      +
  + Support: mad@cern.ch, http://cern.ch/mad +
  + Release   date: 2019.07.25               +
  + Execution date: 2020.04.28 14:58:25      +
  ++++++++++++++++++++++++++++++++++++++++++++
! time ../../madx64 testmatch.madx > matchmdx_lmd.out 2>&1

! time ../../madx64 testmatch.madx > matchmdx_jac.out 2>&1



! Links definitions

option, warn,info;

set, format="22.16e";



option, -echo,-warn,-info;

enter Twiss module
  
iteration:   1 error:   1.324716E-03 deltap:   1.000000E-06
orbit:  -5.447146E-04  3.166795E-05 -1.200912E-06 -1.859150E-04  0.000000E+00  0.000000E+00
  
iteration:   2 error:   5.557174E-05 deltap:   1.000000E-06
orbit:  -5.499717E-04 -7.532067E-09 -5.356072E-09 -1.850365E-04  0.000000E+00  0.000000E+00
  
iteration:   3 error:   1.089312E-08 deltap:   1.000000E-06
orbit:  -5.499786E-04 -3.617091E-09 -5.706222E-09 -1.850390E-04  0.000000E+00  0.000000E+00
++++++ warning: TWISS:  Calculation of Wx, Wy etc. could be inaccurate due to coupling!                                                                                       
  
iteration:   1 error:   1.325092E-03 deltap:   0.000000E+00
orbit:  -5.447280E-04  3.165577E-05 -1.196184E-06 -1.858762E-04  0.000000E+00  0.000000E+00
  
iteration:   2 error:   5.558001E-05 deltap:   0.000000E+00
orbit:  -5.499928E-04 -8.577505E-09  3.462303E-10 -1.849975E-04  0.000000E+00  0.000000E+00
  
iteration:   3 error:   1.088520E-08 deltap:   0.000000E+00
orbit:  -5.499997E-04 -4.685818E-09 -3.767173E-12 -1.850000E-04  0.000000E+00  0.000000E+00
++++++ warning: TWISS:  Calculation of Wx, Wy etc. could be inaccurate due to coupling!                                                                                       

++++++ table: summ

                length                 orbit5                   alfa                gammatr 
2.6658883199998956e+04 -0.0000000000000000e+00 3.2157062210294774e-04 5.5765014195580065e+01 

                    q1                    dq1                betxmax                  dxmax 
6.4310000560525935e+01 2.8506086238166972e+00 6.0530914742055102e+03 2.6953487434679739e+00 

                 dxrms                 xcomax                 xcorms                     q2 
1.4040261327718042e+00 1.2138214001012863e-02 8.9255564971986055e-04 5.9320000084036025e+01 

                   dq2                betymax                  dymax                  dyrms 
3.3172776809919924e+00 6.0531019553723936e+03 2.9425801357700818e+00 3.8763290614984203e-01 

                ycomax                 ycorms                 deltap                synch_1 
1.3034022344508379e-02 9.0801431015792437e-04 0.0000000000000000e+00 8.5711326073961214e+00 

               synch_2                synch_3                synch_4                synch_5 
2.2448837947013833e-03 7.9976900295515856e-07 1.0902359684721518e-06 2.1695242866996380e-08 

                nflips 
0.0000000000000000e+00 
STARTING TUNE MATCHING
Tue Apr 28 14:58:28 CEST 2020
number of variables:    2
user given constraints: 0
total constraints:      2

START JACOBIAN:

 JACOBIAN Strategy =           3
table( summ q1 )   = 6.4310000560525935e+01 ;
table( summ q2 )   = 5.9320000084036025e+01 ;
Initial Penalty Function =   0.5860200094681282E-03


table( summ q1 )   = 6.4318444227685433e+01 ;
table( summ q2 )   = 5.9318370108355332e+01 ;
table( summ q1 )   = 6.4311556678501390e+01 ;
table( summ q2 )   = 5.9310823559630158e+01 ;
 Solve system with            2 con,           2 var
 Rank             2   Condition number    1.4556170382264206     
table( summ q1 )   = 6.4295011471218686e+01 ;
table( summ q2 )   = 5.9301006533214789e+01 ;
 Step length    1.0000000000000000     
table( summ q1 )   = 6.4295011471218686e+01 ;
table( summ q2 )   = 5.9301006533214789e+01 ;
call:     2 Dx =   0.10000000E+01  Penalty function =  0.1742717535548371E-09
table( summ q1 )   = 6.4295012066513934e+01 ;
table( summ q2 )   = 5.9301006417958462e+01 ;
table( summ q1 )   = 6.4295011592836403e+01 ;
table( summ q2 )   = 5.9301005817503658e+01 ;
 Solve system with            2 con,           2 var
 Rank             2   Condition number    1.4571432970340483     
table( summ q1 )   = 6.4295000000007576e+01 ;
table( summ q2 )   = 5.9300999999997757e+01 ;
 Step length    5.5005277892017758E-004
table( summ q1 )   = 6.4295000000007576e+01 ;
table( summ q2 )   = 5.9300999999997757e+01 ;
call:     3 Dx =   0.55005278E-03  Penalty function =  0.6241275631136496E-22
 ++++++++++ JACOBIAN ended: converged successfully
table( summ q1 )   = 6.4295000000007576e+01 ;
table( summ q2 )   = 5.9300999999997757e+01 ;
 Final difference norm:   1.0258560945888213E-002

MATCH SUMMARY

--------------------------------------------------------------------
macro: m1                  
  constraint: table(summ,q1)=64.295                   
  values:     +6.42950e+01=+6.42950e+01
  weight:     +1.00000e+00
  penalty:    +7.57439e-12

  constraint: table(summ,q2)=59.301                   
  values:     +5.93010e+01=+5.93010e+01
  weight:     +1.00000e+00
  penalty:    -2.24532e-12



Final Penalty Function =   6.24127563e-23



Variable                 Final Value  Initial Value Lower Limit  Upper Limit 
--------------------------------------------------------------------------------
kqtf.b1                  -7.06044e-05  0.00000e+00 -1.00000e+20  1.00000e+20
kqtd.b1                   7.80389e-05  0.00000e+00 -1.00000e+20  1.00000e+20

END MATCH SUMMARY

VARIABLE "TAR" SET TO   6.24127563e-23
END OF TUNE MATCHING
Tue Apr 28 14:58:33 CEST 2020
ncall1             = 1.0000000000000000e+01 ;
STARTING CHROMA MATCHING
Tue Apr 28 14:58:33 CEST 2020
++++++ warning: macro redefined: m1
number of variables:    2
user given constraints: 0
total constraints:      2

START JACOBIAN:

 JACOBIAN Strategy =           3
table( summ dq1 )  = 2.9350845949238646e+00 ;
table( summ dq2 )  = 3.2900549129522005e+00 ;
Initial Penalty Function =   0.2826849976733183E+03


table( summ dq1 )  = 2.9412802291517437e+00 ;
table( summ dq2 )  = 3.2888665941754880e+00 ;
table( summ dq1 )  = 2.9361422662077530e+00 ;
table( summ dq2 )  = 3.2838600603213308e+00 ;
 Solve system with            2 con,           2 var
 Rank             2   Condition number    1.8886678717059062     
table( summ dq1 )  = 1.5000389836927752e+01 ;
table( summ dq2 )  = 1.4999746611010778e+01 ;
 Step length    6.8958450671743152E-002
table( summ dq1 )  = 1.5000389836927752e+01 ;
table( summ dq2 )  = 1.4999746611010778e+01 ;
call:     2 Dx =   0.68958451E-01  Penalty function =  0.2161788100982109E-06
table( summ dq1 )  = 1.5007044936510283e+01 ;
table( summ dq2 )  = 1.4998470277305387e+01 ;
table( summ dq1 )  = 1.5001525369484625e+01 ;
table( summ dq2 )  = 1.4993093600423890e+01 ;
 Solve system with            2 con,           2 var
 Rank             2   Condition number    1.8885888997379907     
table( summ dq1 )  = 1.4999999876863512e+01 ;
table( summ dq2 )  = 1.5000000161080607e+01 ;
 Step length    1.1571654789258534E-006
table( summ dq1 )  = 1.4999999876863512e+01 ;
table( summ dq2 )  = 1.5000000161080607e+01 ;
call:     3 Dx =   0.11571655E-05  Penalty function =  0.4110955642906396E-13
table( summ dq1 )  = 1.5006655587512796e+01 ;
table( summ dq2 )  = 1.4998723294468164e+01 ;
table( summ dq1 )  = 1.5001135295733548e+01 ;
table( summ dq2 )  = 1.4993347178915428e+01 ;
 Solve system with            2 con,           2 var
 Rank             2   Condition number    1.8888226865353843     
table( summ dq1 )  = 1.4999999820020093e+01 ;
table( summ dq2 )  = 1.5000000217924025e+01 ;
 Step length    6.2717348139948724E-010
table( summ dq1 )  = 1.5000000061604624e+01 ;
table( summ dq2 )  = 1.5000000246345735e+01 ;
table( summ dq1 )  = 1.5000000033182914e+01 ;
table( summ dq2 )  = 1.5000000246345735e+01 ;
table( summ dq1 )  = 1.5000000004761205e+01 ;
table( summ dq2 )  = 1.5000000573195393e+01 ;
 Bisec iteration            3
table( summ dq1 )  = 1.5000000004761205e+01 ;
table( summ dq2 )  = 1.5000000573195393e+01 ;
call:     4 Dx =   0.62717348E-09  Penalty function =  0.3285756280535256E-12
table( summ dq1 )  = 1.5006655630145360e+01 ;
table( summ dq2 )  = 1.4998723358417010e+01 ;
table( summ dq1 )  = 1.5001135167835855e+01 ;
table( summ dq2 )  = 1.4993346759695214e+01 ;
 Solve system with            2 con,           2 var
 Rank             2   Condition number    1.8886306019834933     
table( summ dq1 )  = 1.4999999962128641e+01 ;
table( summ dq2 )  = 1.4999999777387529e+01 ;
 Step length    2.4288597924327211E-009
table( summ dq1 )  = 1.4999999962128641e+01 ;
table( summ dq2 )  = 1.4999999777387529e+01 ;
call:     5 Dx =   0.24288598E-08  Penalty function =  0.5099055196343666E-13
table( summ dq1 )  = 1.5006655459615104e+01 ;
table( summ dq2 )  = 1.4998722619452565e+01 ;
table( summ dq1 )  = 1.5001135352576966e+01 ;
table( summ dq2 )  = 1.4993346511005257e+01 ;
 Solve system with            2 con,           2 var
 Rank             2   Condition number    1.8887689638912604     
table( summ dq1 )  = 1.4999999905285222e+01 ;
table( summ dq2 )  = 1.5000000225029453e+01 ;
 Step length    9.8602093354703161E-010
table( summ dq1 )  = 1.5000000161080607e+01 ;
table( summ dq2 )  = 1.4999999848441803e+01 ;
 Bisec iteration            1
table( summ dq1 )  = 1.5000000161080607e+01 ;
table( summ dq2 )  = 1.4999999848441803e+01 ;
call:     6 Dx =   0.98602093E-09  Penalty function =  0.4891684894185743E-13
table( summ dq1 )  = 1.5006655573301941e+01 ;
table( summ dq2 )  = 1.4998722853931667e+01 ;
table( summ dq1 )  = 1.5001135110992436e+01 ;
table( summ dq2 )  = 1.4993346745484359e+01 ;
 Solve system with            2 con,           2 var
 Rank             2   Condition number    1.8886945068199437     
table( summ dq1 )  = 1.4999999990550350e+01 ;
table( summ dq2 )  = 1.4999999997655777e+01 ;
 Step length    6.1275655667590527E-010
table( summ dq1 )  = 1.4999999990550350e+01 ;
table( summ dq2 )  = 1.4999999997655777e+01 ;
call:     7 Dx =   0.61275656E-09  Penalty function =  0.9479126377376057E-16
 ++++++++++ JACOBIAN ended: converged successfully
table( summ dq1 )  = 1.4999999990550350e+01 ;
table( summ dq2 )  = 1.4999999997655777e+01 ;
 Final difference norm:  0.13218752626456109     

MATCH SUMMARY

--------------------------------------------------------------------
macro: m1                  
  constraint: table(summ,dq1)=15                      
  values:     +1.50000e+01=+1.50000e+01
  weight:     +1.00000e+00
  penalty:    -9.44965e-09

  constraint: table(summ,dq2)=15                      
  values:     +1.50000e+01=+1.50000e+01
  weight:     +1.00000e+00
  penalty:    -2.34422e-09



Final Penalty Function =   9.47912638e-17



Variable                 Final Value  Initial Value Lower Limit  Upper Limit 
--------------------------------------------------------------------------------
ksf.b1                    1.30965e-01  1.21917e-01 -1.00000e+20  1.00000e+20
ksd.b1                   -2.16923e-01 -2.01974e-01 -1.00000e+20  1.00000e+20

END MATCH SUMMARY

VARIABLE "TAR" SET TO   9.47912638e-17
END OF CHROMA MATCHING
Tue Apr 28 14:59:20 CEST 2020
ncall1             = 1.0000000000000000e+01 ;
kqtf.b1            = -7.0604422291941409e-05 ;
kqtd.b1            = 7.8038884502073798e-05 ;
ncall2             = 3.0000000000000000e+01 ;
ksf.b1             = 1.3096499791854452e-01 ;
ksd.b1             = -2.1692283798121578e-01 ;

  Number of warnings: 3
1 in C and 2 in Fortran

  ++++++++++++++++++++++++++++++++++++++++++++
  +          MAD-X finished normally         +
  ++++++++++++++++++++++++++++++++++++++++++++
