
  ++++++++++++++++++++++++++++++++++++++++++++
  +     MAD-X 5.05.02  (64 bit, Darwin)      +
  + Support: mad@cern.ch, http://cern.ch/mad +
  + Release   date: 2019.07.25               +
  + Execution date: 2020.04.28 14:59:46      +
  ++++++++++++++++++++++++++++++++++++++++++++
! time ../../madx64 testmatch.madx > matchmdx_lmd.out 2>&1

! time ../../madx64 testmatch.madx > matchmdx_jac.out 2>&1



! Links definitions

option, warn,info;

set, format="22.16e";



option, -echo,-warn,-info;

enter Twiss module
  
iteration:   1 error:   1.324716E-03 deltap:   1.000000E-06
orbit:  -5.447146E-04  3.166795E-05 -1.200912E-06 -1.859150E-04  0.000000E+00  0.000000E+00
  
iteration:   2 error:   5.557174E-05 deltap:   1.000000E-06
orbit:  -5.499717E-04 -7.532067E-09 -5.356072E-09 -1.850365E-04  0.000000E+00  0.000000E+00
  
iteration:   3 error:   1.089312E-08 deltap:   1.000000E-06
orbit:  -5.499786E-04 -3.617091E-09 -5.706222E-09 -1.850390E-04  0.000000E+00  0.000000E+00
++++++ warning: TWISS:  Calculation of Wx, Wy etc. could be inaccurate due to coupling!                                                                                       
  
iteration:   1 error:   1.325092E-03 deltap:   0.000000E+00
orbit:  -5.447280E-04  3.165577E-05 -1.196184E-06 -1.858762E-04  0.000000E+00  0.000000E+00
  
iteration:   2 error:   5.558001E-05 deltap:   0.000000E+00
orbit:  -5.499928E-04 -8.577505E-09  3.462303E-10 -1.849975E-04  0.000000E+00  0.000000E+00
  
iteration:   3 error:   1.088520E-08 deltap:   0.000000E+00
orbit:  -5.499997E-04 -4.685818E-09 -3.767173E-12 -1.850000E-04  0.000000E+00  0.000000E+00
++++++ warning: TWISS:  Calculation of Wx, Wy etc. could be inaccurate due to coupling!                                                                                       

++++++ table: summ

                length                 orbit5                   alfa                gammatr 
2.6658883199998956e+04 -0.0000000000000000e+00 3.2157062210294774e-04 5.5765014195580065e+01 

                    q1                    dq1                betxmax                  dxmax 
6.4310000560525935e+01 2.8506086238166972e+00 6.0530914742055102e+03 2.6953487434679739e+00 

                 dxrms                 xcomax                 xcorms                     q2 
1.4040261327718042e+00 1.2138214001012863e-02 8.9255564971986055e-04 5.9320000084036025e+01 

                   dq2                betymax                  dymax                  dyrms 
3.3172776809919924e+00 6.0531019553723936e+03 2.9425801357700818e+00 3.8763290614984203e-01 

                ycomax                 ycorms                 deltap                synch_1 
1.3034022344508379e-02 9.0801431015792437e-04 0.0000000000000000e+00 8.5711326073961214e+00 

               synch_2                synch_3                synch_4                synch_5 
2.2448837947013833e-03 7.9976900295515856e-07 1.0902359684721518e-06 2.1695242866996380e-08 

                nflips 
0.0000000000000000e+00 
STARTING TUNE MATCHING
Tue Apr 28 14:59:49 CEST 2020
number of variables:    2
user given constraints: 0
total constraints:      2

START LMDIF:

table( summ q1 )   = 6.4310000560525935e+01 ;
table( summ q2 )   = 5.9320000084036025e+01 ;
Initial Penalty Function =   0.58602001E-03


table( summ q1 )   = 6.4336706131887780e+01 ;
table( summ q2 )   = 5.9314845560177559e+01 ;
table( summ q1 )   = 6.4314921574536612e+01 ;
table( summ q2 )   = 5.9290978470101194e+01 ;
table( summ q1 )   = 6.4295014430452071e+01 ;
table( summ q2 )   = 5.9301008727707639e+01 ;
call:       4   Penalty function =   0.28441083E-09
table( summ q1 )   = 6.4295016312595578e+01 ;
table( summ q2 )   = 5.9301008363302493e+01 ;
table( summ q1 )   = 6.4295014814991006e+01 ;
table( summ q2 )   = 5.9301006464716266e+01 ;
table( summ q1 )   = 6.4295000000008187e+01 ;
table( summ q2 )   = 5.9301000000003391e+01 ;
call:       7   Penalty function =   0.78488909E-22
 ++++++++++ LMDIF ended: converged successfully
table( summ q1 )   = 6.4295000000008187e+01 ;
table( summ q2 )   = 5.9301000000003391e+01 ;
call:       7   Penalty function =   0.78488909E-22

MATCH SUMMARY

--------------------------------------------------------------------
macro: m1                  
  constraint: table(summ,q1)=64.295                   
  values:     +6.42950e+01=+6.42950e+01
  weight:     +1.00000e+00
  penalty:    +8.18545e-12

  constraint: table(summ,q2)=59.301                   
  values:     +5.93010e+01=+5.93010e+01
  weight:     +1.00000e+00
  penalty:    +3.38929e-12



Final Penalty Function =   7.84889085e-23



Variable                 Final Value  Initial Value Lower Limit  Upper Limit 
--------------------------------------------------------------------------------
kqtf.b1                  -7.06044e-05  0.00000e+00 -1.00000e+20  1.00000e+20
kqtd.b1                   7.80389e-05  0.00000e+00 -1.00000e+20  1.00000e+20

END MATCH SUMMARY

VARIABLE "TAR" SET TO   7.84889085e-23
END OF TUNE MATCHING
Tue Apr 28 14:59:53 CEST 2020
ncall1             = 8.0000000000000000e+00 ;
STARTING CHROMA MATCHING
Tue Apr 28 14:59:53 CEST 2020
++++++ warning: macro redefined: m1
number of variables:    2
user given constraints: 0
total constraints:      2

START LMDIF:

table( summ dq1 )  = 2.9350847654541212e+00 ;
table( summ dq2 )  = 3.2900551190095939e+00 ;
Initial Penalty Function =   0.28268499E+03


table( summ dq1 )  = 2.9546773561150985e+00 ;
table( summ dq2 )  = 3.2862977690228945e+00 ;
table( summ dq1 )  = 2.9384289348399761e+00 ;
table( summ dq2 )  = 3.2704663084359709e+00 ;
table( summ dq1 )  = 1.4999829474504622e+01 ;
table( summ dq2 )  = 1.5000181811331004e+01 ;
call:       4   Penalty function =   0.62134305E-07
table( summ dq1 )  = 1.5020876276139461e+01 ;
table( summ dq2 )  = 1.4996145146994877e+01 ;
table( summ dq1 )  = 1.5003421424353292e+01 ;
table( summ dq2 )  = 1.4979142576976301e+01 ;
table( summ dq1 )  = 1.4999999990550350e+01 ;
table( summ dq2 )  = 1.5000000267662017e+01 ;
call:       7   Penalty function =   0.71732251E-13
table( summ dq1 )  = 1.5021047090613138e+01 ;
table( summ dq2 )  = 1.4995963347530505e+01 ;
table( summ dq1 )  = 1.5003591727236198e+01 ;
table( summ dq2 )  = 1.4978960905409622e+01 ;
table( summ dq1 )  = 1.5000000360032573e+01 ;
table( summ dq2 )  = 1.4999999876863512e+01 ;
 ++++++++++ LMDIF ended: converged without success
table( summ dq1 )  = 1.4999999990550350e+01 ;
table( summ dq2 )  = 1.5000000267662017e+01 ;
call:      10   Penalty function =   0.71732251E-13

MATCH SUMMARY

--------------------------------------------------------------------
macro: m1                  
  constraint: table(summ,dq1)=15                      
  values:     +1.50000e+01=+1.50000e+01
  weight:     +1.00000e+00
  penalty:    -9.44965e-09

  constraint: table(summ,dq2)=15                      
  values:     +1.50000e+01=+1.50000e+01
  weight:     +1.00000e+00
  penalty:    +2.67662e-07



Final Penalty Function =   7.17322512e-14



Variable                 Final Value  Initial Value Lower Limit  Upper Limit 
--------------------------------------------------------------------------------
ksf.b1                    1.30965e-01  1.21917e-01 -1.00000e+20  1.00000e+20
ksd.b1                   -2.16923e-01 -2.01974e-01 -1.00000e+20  1.00000e+20

END MATCH SUMMARY

VARIABLE "TAR" SET TO   7.17322512e-14
END OF CHROMA MATCHING
Tue Apr 28 15:00:09 CEST 2020
ncall1             = 8.0000000000000000e+00 ;
kqtf.b1            = -7.0604422285532785e-05 ;
kqtd.b1            = 7.8038884481505303e-05 ;
ncall2             = 1.1000000000000000e+01 ;
ksf.b1             = 1.3096499820771104e-01 ;
ksd.b1             = -2.1692283846966087e-01 ;

  Number of warnings: 3
1 in C and 2 in Fortran

  ++++++++++++++++++++++++++++++++++++++++++++
  +          MAD-X finished normally         +
  ++++++++++++++++++++++++++++++++++++++++++++
