symplectic deviation:  1.009458718e-12
symplectified deviation:  3.159153059e-16
    ____  __   ______    ______     |   Methodical Accelerator Design
     /  \/  \   /  _  \   /  _  \   |   release: 0.9.0 (OSX 64)
    /  __   /  /  /_/ /  /  /_/ /   |   support: http://cern.ch/mad
   /__/  /_/  /__/ /_/  /_____ /    |   licence: GPL3 (C) CERN 2016+
                                    |   started: 2020-04-28 15:23:09

values before matching tunes:
MADX.kqtf_b1=	0
MADX.kqtd_b1=	0
status=	FMIN_REACHED	fmin=	9.0955167732782e-11	ncall=	9
values after matching tunes:
MADX.kqtf_b1=	-7.0636473510594e-05
MADX.kqtd_b1=	7.8067259143302e-05
values before matching chromas:
MADX.ksf_b1=	0.12191719229249
MADX.ksd_b1=	-0.20197419634153
status=	XTOL_REACHED	fmin=	3.5500086822494e-06	ncall=	13
values after matching chroma:
MADX.ksf_b1=	0.13095503357492
MADX.ksd_b1=	-0.21690305285296
33%  Compiled
  -- 24%  madl_gtpsa.mad:164
  -- 10%  madl_object.mad:236
  --  9%  madl_object.mad:234
  --  4%  madl_gtpsa.mad:922
  --  4%  madl_gtpsa.mad:1103
  --  3%  madl_gtpsa.mad:848
  --  3%  madl_gtpsa.mad:905
  --  3%  madl_damap.mad:510
30%  Interpreted
  -- 11%  madl_gtpsa.mad:902
  --  7%  madl_gtpsa.mad:750
  --  5%  madl_damap.mad:510
  --  4%  madl_gtpsa.mad:1094
  --  4%  madl_gtpsa.mad:826
  --  4%  madl_damap.mad:517
  --  3%  madl_object.mad:234
22%  Garbage Collector
  -- 32%  madl_gtpsa.mad:902
  -- 26%  madl_gtpsa.mad:750
  -- 16%  madl_gtpsa.mad:826
  -- 10%  madl_gtpsa.mad:1094
  --  7%  madl_gtpsa.mad:988
  --  5%  madl_gmath.mad:102
 9%  C code
  -- 31%  madl_gtpsa.mad:902
  -- 21%  madl_gtpsa.mad:750
  -- 14%  madl_gtpsa.mad:826
  --  9%  madl_gtpsa.mad:1094
  --  7%  madl_madx.mad:46
  --  6%  madl_gtpsa.mad:988
  --  3%  madl_madx.mad:306
 6%  JIT Compiler
  -- 94%  madl_madx.mad:46
