    ____  __   ______    ______     |   Methodical Accelerator Design
     /  \/  \   /  _  \   /  _  \   |   release: 0.9.0 (OSX 64)
    /  __   /  /  /_/ /  /  /_/ /   |   support: http://cern.ch/mad
   /__/  /_/  /__/ /_/  /_____ /    |   licence: GPL3 (C) CERN 2016+
                                    |   started: 2020-06-25 22:33:32

values before matching tunes:
MADX.kqtf_b1=	0
MADX.kqtd_b1=	0

 Constraints                Type        Kind        Weight     Penalty Value
-----------------------------------------------------------------------------
 1 q1                       equality     .          1          1.50077e-02 >
 2 q2                       equality     .          1          1.90066e-02 >

 Variables                  Curr. Value  Curr. Step   Lower Limit  Upper Limit
--------------------------------------------------------------------------------
 1 MADX.kqtf_b1             0.00000e+00  0.00000e+00   .            .         
 2 MADX.kqtd_b1             0.00000e+00  0.00000e+00   .            .         

 ncall=1 [1.4s], fbst=1.7124314e-02, fstp=-inf, fval=1.71243e-02 [2]


 Constraints                Type        Kind        Weight     Penalty Value
-----------------------------------------------------------------------------
 1 q1                       equality     .          1          7.63812e-05 >
 2 q2                       equality     .          1          1.34583e-05 >

 Variables                  Curr. Value  Curr. Step   Lower Limit  Upper Limit
--------------------------------------------------------------------------------
 1 MADX.kqtf_b1            -7.03493e-05  7.03493e-05   .            .         
 2 MADX.kqtd_b1             7.80625e-05 -7.80625e-05   .            .         

 ncall=4 [5.3s], fbst=5.4841626e-05, fstp=-1.70695e-02, fval=5.48416e-05 [2]


 Constraints                Type        Kind        Weight     Penalty Value
-----------------------------------------------------------------------------
 1 q1                       equality     .          1          2.45585e-09
 2 q2                       equality     .          1          2.16863e-09

 Variables                  Curr. Value  Curr. Step   Lower Limit  Upper Limit
--------------------------------------------------------------------------------
 1 MADX.kqtf_b1            -7.06365e-05  2.87145e-07   .            .         
 2 MADX.kqtd_b1             7.80673e-05 -4.74643e-09   .            .         

 ncall=7 [9.2s], fbst=2.3166963e-09, fstp=-5.48393e-05, fval=2.31670e-09 [0]


 Constraints                Type        Kind        Weight     Penalty Value
-----------------------------------------------------------------------------
 1 q1                       equality     .          1          1.11186e-10
 2 q2                       equality     .          1          6.93277e-11

 Variables                  Curr. Value  Curr. Step   Lower Limit  Upper Limit
--------------------------------------------------------------------------------
 1 MADX.kqtf_b1            -7.06365e-05  8.11205e-12   .            .         
 2 MADX.kqtd_b1             7.80673e-05  6.08116e-12   .            .         

 ncall=9 [11.8s], fbst=9.2651470e-11, fstp=-2.22404e-09, fval=9.26515e-11 [0]


 Constraints                Type        Kind        Weight     Penalty Value
-----------------------------------------------------------------------------
 1 q1                       equality     .          1          1.11186e-10
 2 q2                       equality     .          1          6.93277e-11

 Variables                  Final Value  Init. Value  Lower Limit  Upper Limit
--------------------------------------------------------------------------------
 1 MADX.kqtf_b1            -7.06365e-05  0.00000e+00   .            .         
 2 MADX.kqtd_b1             7.80673e-05  0.00000e+00   .            .         

 ncall=9 [11.8s], fbst=9.2651470e-11, fstp=-2.22404e-09, status=FMIN_REACHED

status=	FMIN_REACHED	fmin=	9.2651469668575e-11	ncall=	9
values after matching tunes:
MADX.kqtf_b1=	-7.0636473468037e-05
MADX.kqtd_b1=	7.8067258874017e-05
values before matching chromas:
MADX.ksf_b1=	0.12191719229249
MADX.ksd_b1=	-0.20197419634153

 Constraints                Type        Kind        Weight     Penalty Value
-----------------------------------------------------------------------------
 1 dq1                      equality     .          1          1.20520e+01 >
 2 dq2                      equality     .          1          1.16937e+01 >

 Variables                  Curr. Value  Curr. Step   Lower Limit  Upper Limit
--------------------------------------------------------------------------------
 1 MADX.ksf_b1              1.21917e-01  0.00000e+00   .            .         
 2 MADX.ksd_b1             -2.01974e-01  0.00000e+00   .            .         

 ncall=1 [2.3s], fbst=1.1874198e+01, fstp=-inf, fval=1.18742e+01 [2]


 Constraints                Type        Kind        Weight     Penalty Value
-----------------------------------------------------------------------------
 1 dq1                      equality     .          1          9.03520e-01 >
 2 dq2                      equality     .          1          7.42936e-01 >

 Variables                  Curr. Value  Curr. Step   Lower Limit  Upper Limit
--------------------------------------------------------------------------------
 1 MADX.ksf_b1              1.31618e-01 -9.70067e-03   .            .         
 2 MADX.ksd_b1             -2.17880e-01  1.59055e-02   .            .         

 ncall=4 [9.3s], fbst=8.2713456e-01, fstp=-1.10471e+01, fval=8.27135e-01 [2]


 Constraints                Type        Kind        Weight     Penalty Value
-----------------------------------------------------------------------------
 1 dq1                      equality     .          1          3.12815e-02 >
 2 dq2                      equality     .          1          2.68555e-02 >

 Variables                  Curr. Value  Curr. Step   Lower Limit  Upper Limit
--------------------------------------------------------------------------------
 1 MADX.ksf_b1              1.30932e-01  6.85830e-04   .            .         
 2 MADX.ksd_b1             -2.16868e-01 -1.01162e-03   .            .         

 ncall=6 [13.9s], fbst=2.9152619e-02, fstp=-7.97982e-01, fval=2.91526e-02 [2]


 Constraints                Type        Kind        Weight     Penalty Value
-----------------------------------------------------------------------------
 1 dq1                      equality     .          1          1.63673e-04 >
 2 dq2                      equality     .          1          3.72955e-05 >

 Variables                  Curr. Value  Curr. Step   Lower Limit  Upper Limit
--------------------------------------------------------------------------------
 1 MADX.ksf_b1              1.30955e-01 -2.31136e-05   .            .         
 2 MADX.ksd_b1             -2.16903e-01  3.50428e-05   .            .         

 ncall=9 [20.9s], fbst=1.1870064e-04, fstp=-2.90339e-02, fval=1.18701e-04 [2]


 Constraints                Type        Kind        Weight     Penalty Value
-----------------------------------------------------------------------------
 1 dq1                      equality     .          1          9.91118e-06
 2 dq2                      equality     .          1          1.81277e-06

 Variables                  Curr. Value  Curr. Step   Lower Limit  Upper Limit
--------------------------------------------------------------------------------
 1 MADX.ksf_b1              1.30955e-01  1.03442e-07   .            .         
 2 MADX.ksd_b1             -2.16903e-01 -7.32000e-08   .            .         

 ncall=11 [25.6s], fbst=7.1245243e-06, fstp=-1.11576e-04, fval=7.12452e-06 [0]


 Constraints                Type        Kind        Weight     Penalty Value
-----------------------------------------------------------------------------
 1 dq1                      equality     .          1          9.91118e-06
 2 dq2                      equality     .          1          1.81277e-06

 Variables                  Final Value  Init. Value  Lower Limit  Upper Limit
--------------------------------------------------------------------------------
 1 MADX.ksf_b1              1.30955e-01  1.21917e-01   .            .         
 2 MADX.ksd_b1             -2.16903e-01 -2.01974e-01   .            .         

 ncall=11 [25.6s], fbst=7.1245243e-06, fstp=-1.11576e-04, status=XTOL_REACHED

status=	XTOL_REACHED	fmin=	7.1245243070537e-06	ncall=	11
values after matching chroma:
MADX.ksf_b1=	0.13095503818844
MADX.ksd_b1=	-0.21690304492692
34%  Compiled
  -- 22%  madl_gtpsa.mad:164
  -- 12%  madl_object.mad:236
  -- 11%  madl_object.mad:234
  --  6%  madl_gtpsa.mad:922
  --  3%  madl_gtpsa.mad:1103
  --  3%  madl_gtpsa.mad:905
  --  3%  madl_gtpsa.mad:848
  --  3%  madl_damap.mad:510
29%  Interpreted
  -- 11%  madl_gtpsa.mad:902
  --  7%  madl_gtpsa.mad:750
  --  6%  madl_damap.mad:510
  --  4%  madl_gtpsa.mad:826
  --  4%  madl_gtpsa.mad:1094
  --  3%  madl_gtpsa.mad:988
  --  3%  madl_object.mad:234
21%  Garbage Collector
  -- 33%  madl_gtpsa.mad:902
  -- 27%  madl_gtpsa.mad:750
  -- 17%  madl_gtpsa.mad:826
  -- 11%  madl_gtpsa.mad:1094
  --  4%  madl_gtpsa.mad:988
  --  4%  madl_gmath.mad:102
10%  C code
  -- 32%  madl_gtpsa.mad:902
  -- 22%  madl_gtpsa.mad:750
  -- 17%  madl_gtpsa.mad:826
  --  7%  madl_madx.mad:46
  --  7%  madl_gtpsa.mad:1094
  --  5%  madl_gtpsa.mad:988
  --  3%  madl_madx.mad:306
 6%  JIT Compiler
  -- 92%  madl_madx.mad:46
